// Jest Snapshot v1, https://goo.gl/fbAQLP

exports[`Matches shallow shapshot 1 shapshot 1 1`] = `
<div
  className="src-shared-components-challenge-listing-___style__ChallengeFiltersExample___3IjeI"
  id="challengeFilterContainer"
>
  <Connect(Container)
    communityName={null}
    isAuth={false}
    setFilterState={[MockFunction]}
  />
  <div
    className="src-shared-components-challenge-listing-___style__tc-content-wrapper___1MqlF"
  >
    <div
      className="src-shared-components-challenge-listing-___style__sidebar-container-mobile___3e65d"
    >
      <Connect(SidebarContainer) />
    </div>
    <Connect(Listing)
      activeBucket="abc"
      auth={Object {}}
      challenges={Array []}
      communityName={null}
      expandTag={null}
      expandedTags={Array []}
      filterState={Object {}}
      loadMoreActive={null}
      loadMoreMy={null}
      loadMoreOnGoing={null}
      loadMoreOpenForRegistration={null}
      loadMoreReviewOpportunities={null}
      newChallengeDetails={false}
      openChallengesInNewTabs={false}
      preListingMsg={null}
      prizeMode="money-usd"
      reviewOpportunities={Array []}
      selectBucket={[MockFunction]}
      setFilterState={[MockFunction]}
      setSort={[MockFunction]}
      sorts={Object {}}
    />
    <div
      className="src-shared-components-challenge-listing-___style__sidebar-container-desktop___h0bz6"
    >
      <Sticky
        activeClass="active"
        bottomBoundary="#challengeFilterContainer"
        enableTransforms={true}
        enabled={true}
        onStateChange={null}
        releasedClass="released"
        shouldFreeze={[Function]}
        top={20}
      >
        <Connect(SidebarContainer)
          expanded={false}
          hideTcLinksInFooter={false}
        />
      </Sticky>
    </div>
  </div>
</div>
`;

exports[`Matches shallow shapshot 2 shapshot 2 1`] = `
<div
  className="src-shared-components-challenge-listing-___style__ChallengeFiltersExample___3IjeI"
  id="challengeFilterContainer"
>
  <Connect(Container)
    communityName={null}
    isAuth={false}
    setFilterState={[MockFunction]}
  />
  <div
    className="src-shared-components-challenge-listing-___style__tc-content-wrapper___1MqlF"
  >
    <div
      className="src-shared-components-challenge-listing-___style__sidebar-container-mobile___3e65d"
    >
      <Connect(SidebarContainer) />
    </div>
    <Connect(Listing)
      activeBucket="abc"
      auth={Object {}}
      challenges={Array []}
      communityName={null}
      expandTag={null}
      expandedTags={Array []}
      filterState={Object {}}
      loadMoreActive={null}
      loadMoreMy={null}
      loadMoreOnGoing={null}
      loadMoreOpenForRegistration={null}
      loadMoreReviewOpportunities={null}
      newChallengeDetails={false}
      openChallengesInNewTabs={false}
      preListingMsg={null}
      prizeMode="money-usd"
      reviewOpportunities={Array []}
      selectBucket={[MockFunction]}
      setFilterState={[MockFunction]}
      setSort={[MockFunction]}
      sorts={Object {}}
    />
    <div
      className="src-shared-components-challenge-listing-___style__sidebar-container-desktop___h0bz6"
    >
      <Sticky
        activeClass="active"
        bottomBoundary="#challengeFilterContainer"
        enableTransforms={true}
        enabled={true}
        onStateChange={null}
        releasedClass="released"
        shouldFreeze={[Function]}
        top={20}
      >
        <Connect(SidebarContainer)
          expanded={false}
          hideTcLinksInFooter={false}
        />
      </Sticky>
    </div>
  </div>
</div>
`;
